=== boot battery: arch-boot2 2026-08-23T23:11:57-04:00 ===
--- settle: waiting until 60s of uptime ---
 23:12:44 up 1 min,  2 users,  load average: 0.22, 0.08, 0.03
--- systemd-analyze ---
Startup finished in 6.056s (firmware) + 2.268s (loader) + 5.829s (kernel) + 2.689s (userspace) = 16.843s 
graphical.target reached after 2.688s in userspace.
The time when unit became active or started is printed after the "@" character.
The time the unit took to start is printed after the "+" character.

graphical.target @2.688s
└─multi-user.target @2.687s
  └─sshd.service @2.658s +27ms
    └─network.target @2.657s
      └─wpa_supplicant.service @2.634s +21ms
        └─basic.target @1.818s
          └─dbus-broker.service @1.795s +23ms
            └─dbus.socket @1.787s +46us
              └─sysinit.target @1.783s
                └─systemd-update-utmp.service @1.765s +18ms
                  └─systemd-tmpfiles-setup.service @1.717s +46ms
                    └─systemd-journal-flush.service @1.669s +45ms
                      └─var-log.mount @1.660s +7ms
                        └─dev-mapper-cryptroot.device @607ms +356ms
--- blame top 15 ---
810ms NetworkManager.service
356ms dev-mapper-cryptroot.device
234ms systemd-udev-trigger.service
218ms user@1000.service
 91ms dev-zram0.swap
 73ms systemd-journald.service
 62ms systemd-tmpfiles-setup-dev-early.service
 62ms polkit.service
 49ms boot.mount
 48ms systemd-hostnamed.service
 46ms systemd-logind.service
 46ms systemd-tmpfiles-setup.service
 45ms systemd-journal-flush.service
 44ms systemd-udevd.service
 40ms user-runtime-dir@1000.service
--- PSS sums, 3 samples 20s apart ---
PSS_TOTAL_KB=206009
89307 niri
17128 NetworkManager
15582 polkit-mate-aut
10846 systemd
10805 systemd-journal
7145 wpa_supplicant
6618 sshd-session
6564 systemd-udevd
4679 gvfsd
3776 sudo
3350 polkitd
3150 systemd-userwor
2686 login
2351 sshd
2218 swaybg
2138 dbus-broker-lau
2093 dbus-broker
2042 systemd-logind
1852 (sd-pam)
1755 gvfsd-fuse
               total        used        free      shared  buff/cache   available
Mem:           15832         646       15037          23         433       15186
 23:12:47 up 1 min,  2 users,  load average: 0.22, 0.08, 0.03
--sample 1 done--
PSS_TOTAL_KB=199874
83198 niri
17129 NetworkManager
15582 polkit-mate-aut
10846 systemd
10809 systemd-journal
7145 wpa_supplicant
6621 sshd-session
6564 systemd-udevd
4679 gvfsd
3751 sudo
3349 polkitd
3148 systemd-userwor
2676 login
2351 sshd
2218 swaybg
2139 dbus-broker-lau
2094 dbus-broker
2042 systemd-logind
1852 (sd-pam)
1755 gvfsd-fuse
               total        used        free      shared  buff/cache   available
Mem:           15832         640       15032          23         444       15192
 23:13:09 up 1 min,  2 users,  load average: 0.22, 0.09, 0.03
--sample 2 done--
PSS_TOTAL_KB=198873
82171 niri
17133 NetworkManager
15583 polkit-mate-aut
10846 systemd
10813 systemd-journal
7144 wpa_supplicant
6615 sshd-session
6564 systemd-udevd
4680 gvfsd
3763 sudo
3349 polkitd
3149 systemd-userwor
2686 login
2351 sshd
2217 swaybg
2138 dbus-broker-lau
2094 dbus-broker
2042 systemd-logind
1852 (sd-pam)
1755 gvfsd-fuse
               total        used        free      shared  buff/cache   available
Mem:           15832         646       15017          23         452       15185
 23:13:31 up 1 min,  2 users,  load average: 0.16, 0.09, 0.03
--sample 3 done--
--- spawnbench n=10 ---
{"meta": true, "socket": "/run/user/1000/niri.wayland-1.916.sock", "n": 10, "os": "NAME=\"Arch Linux\"", "load1_start": 0.16}
{"app": "kitty", "run": 0, "ms": 180.7, "load1": 0.16, "cold": true}
{"app": "kitty", "run": 1, "ms": 120.7, "load1": 0.16, "cold": false}
{"app": "kitty", "run": 2, "ms": 129.2, "load1": 0.16, "cold": false}
{"app": "kitty", "run": 3, "ms": 122.9, "load1": 0.16, "cold": false}
{"app": "kitty", "run": 4, "ms": 130.2, "load1": 0.15, "cold": false}
{"app": "kitty", "run": 5, "ms": 129.4, "load1": 0.15, "cold": false}
{"app": "kitty", "run": 6, "ms": 130.2, "load1": 0.15, "cold": false}
{"app": "kitty", "run": 7, "ms": 130.4, "load1": 0.15, "cold": false}
{"app": "kitty", "run": 8, "ms": 155.2, "load1": 0.15, "cold": false}
{"app": "kitty", "run": 9, "ms": 131.1, "load1": 0.15, "cold": false}
{"app": "kitty", "summary": true, "n": 10, "cold_ms": 180.7, "warm_min": 120.7, "warm_median": 130.2, "warm_max": 155.2}
{"app": "fuzzel", "run": 0, "ms": 34.6, "load1": 0.15, "cold": true}
{"app": "fuzzel", "run": 1, "ms": 20.8, "load1": 0.15, "cold": false}
{"app": "fuzzel", "run": 2, "ms": 20.7, "load1": 0.13, "cold": false}
{"app": "fuzzel", "run": 3, "ms": 21.4, "load1": 0.13, "cold": false}
{"app": "fuzzel", "run": 4, "ms": 21.3, "load1": 0.13, "cold": false}
{"app": "fuzzel", "run": 5, "ms": 22.3, "load1": 0.13, "cold": false}
{"app": "fuzzel", "run": 6, "ms": 20.5, "load1": 0.13, "cold": false}
{"app": "fuzzel", "run": 7, "ms": 21.8, "load1": 0.13, "cold": false}
{"app": "fuzzel", "run": 8, "ms": 21.1, "load1": 0.13, "cold": false}
{"app": "fuzzel", "run": 9, "ms": 21.1, "load1": 0.13, "cold": false}
{"app": "fuzzel", "summary": true, "n": 10, "cold_ms": 34.6, "warm_min": 20.5, "warm_median": 21.1, "warm_max": 22.3}
=== battery arch-boot2 complete ===
