# Provenance: tee'd stdout of the capture command run over SSH 2026-08-24T00:10:05-04:00;
# the original file lives at ~/log/evidence.nixos.2026-08-24.log on the NixOS home (p6),
# unreachable from the Arch side where this repo's raw/ is assembled.
=== evidence capture, NixOS side, 2026-08-24T00:10:05-04:00 ===
--- uname -r ---
6.18.44
--- /boot/loader/loader.conf ---
timeout 5
default nixos-generation-35.conf
console-mode keep
--- niri.service Started lines, last 5 user-journal boots (short-monotonic) ---
boot 0:
[   16.057510] bunne-test systemd[1445]: Started A scrollable-tiling Wayland compositor.
boot -1:
[   15.972197] bunne-test systemd[1443]: Started A scrollable-tiling Wayland compositor.
boot -2:
[   15.310122] bunne-test systemd[1445]: Started A scrollable-tiling Wayland compositor.
boot -3:
[   17.239979] bunne-test systemd[1442]: Started A scrollable-tiling Wayland compositor.
boot -4:
[   15.880155] bunne-test systemd[1517]: Started A scrollable-tiling Wayland compositor.
